conf_byte0 = 0xff
conf_byte1 = 0x25
conf_byte2 = 0x0f
conf_byte3 = 0x0e
conf_byte4 = 0xff
conf_byte5 = 0x00
conf_byte6 = 0x81
conf_byte7 = 0xff
conf_byte8 = 0x0f
conf_byte9 = 0xc0
conf_byte10 = 0x0f
conf_byte11 = 0xe0
conf_byte12 = 0x0f
conf_byte13 = 0x40
user_id0 = 0xff
user_id1 = 0xff
user_id2 = 0xff
user_id3 = 0xff
user_id4 = 0xff
user_id5 = 0xff
user_id6 = 0xff
user_id7 = 0xff
